// Jest Snapshot v1, https://goo.gl/fbAQLP

exports[`ColorSelector renders with default props 1`] = `
<div>
  <div
    class="flex flex-col relative overflow-hidden h-auto text-foreground box-border outline-none data-[focus-visible=true]:z-10 data-[focus-visible=true]:outline-2 data-[focus-visible=true]:outline-focus data-[focus-visible=true]:outline-offset-2 shadow-medium rounded-large transition-transform-background motion-reduce:transition-none w-full bg-default-100"
    tabindex="-1"
  >
    <div
      class="relative flex w-full p-3 flex-auto flex-col place-content-inherit align-items-inherit h-auto break-words text-left overflow-y-auto subpixel-antialiased"
    >
      <span
        class="mb-2 text-tiny"
      >
        Color Scheme
      </span>
      <div
        class="group inline-flex flex-col relative w-full transition-background motion-reduce:transition-none !duration-150 max-w"
        data-filled="true"
        data-has-label="true"
        data-has-value="true"
        data-slot="base"
      >
        <div
          aria-hidden="true"
          data-a11y-ignore="aria-hidden-focus"
          data-testid="hidden-select-container"
          style="border: 0px; clip-path: inset(50%); height: 1px; margin: -1px; overflow: hidden; padding: 0px; position: absolute; width: 1px; white-space: nowrap;"
        >
          <input
            style="font-size: 16px;"
            tabindex="-1"
            type="text"
            value="all"
          />
          <label>
            Color Type
            <select
              size="5"
              tabindex="-1"
              title=""
            >
              <option />
              <option
                value="all"
              >
                all
              </option>
              <option
                value="diverging"
              >
                diverging
              </option>
              <option
                value="sequential"
              >
                sequential
              </option>
              <option
                value="qualitative"
              >
                qualitative
              </option>
              <option
                value="singlehue"
              >
                singlehue
              </option>
            </select>
          </label>
        </div>
        <div
          class="w-full flex flex-col"
          data-slot="mainWrapper"
        >
          <button
            aria-expanded="false"
            aria-haspopup="listbox"
            aria-label="Select color type"
            aria-labelledby="react-aria-:r7: react-aria-:r2:"
            class="relative w-full inline-flex shadow-sm tap-highlight-transparent group-data-[focus=true]:bg-default-100 rounded-small flex-col items-start justify-center gap-0 bg-default-100 data-[hover=true]:bg-default-50 outline-none data-[focus-visible=true]:z-10 data-[focus-visible=true]:outline-2 data-[focus-visible=true]:outline-focus data-[focus-visible=true]:outline-offset-2 h-12 min-h-12 py-1.5 px-3"
            data-slot="trigger"
            id="react-aria-:r2:"
            type="button"
          >
            <label
              class="block absolute z-10 subpixel-antialiased text-foreground-500 pointer-events-none cursor-pointer will-change-auto origin-top-left rtl:origin-top-right !duration-200 !ease-out transition-[transform,color,left,opacity] motion-reduce:transition-none group-data-[filled=true]:text-default-600 group-data-[filled=true]:scale-85 text-small group-data-[filled=true]:-translate-y-[calc(50%_+_theme(fontSize.tiny)/2_-_8px)] pe-2 max-w-full text-ellipsis overflow-hidden"
              data-slot="label"
              id="react-aria-:r3:"
            >
              Color Type
            </label>
            <div
              class="inline-flex h-full w-[calc(100%_-_theme(spacing.6))] min-h-4 items-center gap-1.5 box-border group-data-[has-label=true]:pt-4"
              data-slot="innerWrapper"
            >
              <span
                class="text-foreground-500 font-normal w-full text-left rtl:text-right text-small truncate group-data-[has-value=true]:text-default-foreground"
                data-slot="value"
                id="react-aria-:r7:"
              >
                all
              </span>
            </div>
            <svg
              aria-hidden="true"
              class="absolute end-3 w-4 h-4 transition-transform duration-150 ease motion-reduce:transition-none data-[open=true]:rotate-180"
              data-slot="selectorIcon"
              fill="none"
              focusable="false"
              height="1em"
              role="presentation"
              stroke="currentColor"
              stroke-linecap="round"
              stroke-linejoin="round"
              stroke-width="1.5"
              viewBox="0 0 24 24"
              width="1em"
            >
              <path
                d="m6 9 6 6 6-6"
              />
            </svg>
          </button>
        </div>
      </div>
      <div
        class="group flex flex-col w-full transition-background motion-reduce:transition-none !duration-150 group relative justify-end data-[has-label=true]:mt-[calc(theme(fontSize.small)_+_10px)] max-w"
        data-slot="base"
      >
        <div
          aria-hidden="true"
          data-a11y-ignore="aria-hidden-focus"
          data-testid="hidden-select-container"
          style="border: 0px; clip-path: inset(50%); height: 1px; margin: -1px; overflow: hidden; padding: 0px; position: absolute; width: 1px; white-space: nowrap;"
        >
          <input
            style="font-size: 16px;"
            tabindex="-1"
            type="text"
            value="undefined"
          />
          <label>
            <select
              size="45"
              tabindex="-1"
              title=""
            >
              <option />
              <option
                value="Uber Viz Diverging 1"
              >
                Uber Viz Diverging 1
              </option>
              <option
                value="Uber Viz Sequential 3"
              >
                Uber Viz Sequential 3
              </option>
              <option
                value="Uber Viz Qualitative 1"
              >
                Uber Viz Qualitative 1
              </option>
              <option
                value="UberPool 5"
              >
                UberPool 5
              </option>
              <option
                value="Ice And Fire 5"
              >
                Ice And Fire 5
              </option>
              <option
                value="Global Warming 5"
              >
                Global Warming 5
              </option>
              <option
                value="Sunrise"
              >
                Sunrise
              </option>
              <option
                value="Ocean Green 5"
              >
                Ocean Green 5
              </option>
              <option
                value="Pink Wine 5"
              >
                Pink Wine 5
              </option>
              <option
                value="Purple Blue Yellow 5"
              >
                Purple Blue Yellow 5
              </option>
              <option
                value="ColorBrewer YlGn-5"
              >
                ColorBrewer YlGn-5
              </option>
              <option
                value="ColorBrewer YlGnBu-5"
              >
                ColorBrewer YlGnBu-5
              </option>
              <option
                value="ColorBrewer GnBu-5"
              >
                ColorBrewer GnBu-5
              </option>
              <option
                value="ColorBrewer BuGn-5"
              >
                ColorBrewer BuGn-5
              </option>
              <option
                value="ColorBrewer PuBuGn-5"
              >
                ColorBrewer PuBuGn-5
              </option>
              <option
                value="ColorBrewer PuBu-5"
              >
                ColorBrewer PuBu-5
              </option>
              <option
                value="ColorBrewer BuPu-5"
              >
                ColorBrewer BuPu-5
              </option>
              <option
                value="ColorBrewer RdPu-5"
              >
                ColorBrewer RdPu-5
              </option>
              <option
                value="ColorBrewer PuRd-5"
              >
                ColorBrewer PuRd-5
              </option>
              <option
                value="ColorBrewer OrRd-5"
              >
                ColorBrewer OrRd-5
              </option>
              <option
                value="ColorBrewer YlOrRd-5"
              >
                ColorBrewer YlOrRd-5
              </option>
              <option
                value="ColorBrewer YlOrBr-5"
              >
                ColorBrewer YlOrBr-5
              </option>
              <option
                value="ColorBrewer Purples-5"
              >
                ColorBrewer Purples-5
              </option>
              <option
                value="ColorBrewer Blues-5"
              >
                ColorBrewer Blues-5
              </option>
              <option
                value="ColorBrewer Greens-5"
              >
                ColorBrewer Greens-5
              </option>
              <option
                value="ColorBrewer Oranges-5"
              >
                ColorBrewer Oranges-5
              </option>
              <option
                value="ColorBrewer Reds-5"
              >
                ColorBrewer Reds-5
              </option>
              <option
                value="ColorBrewer Greys-5"
              >
                ColorBrewer Greys-5
              </option>
              <option
                value="ColorBrewer PuOr-5"
              >
                ColorBrewer PuOr-5
              </option>
              <option
                value="ColorBrewer BrBG-5"
              >
                ColorBrewer BrBG-5
              </option>
              <option
                value="ColorBrewer PRGn-5"
              >
                ColorBrewer PRGn-5
              </option>
              <option
                value="ColorBrewer PiYG-5"
              >
                ColorBrewer PiYG-5
              </option>
              <option
                value="ColorBrewer RdBu-5"
              >
                ColorBrewer RdBu-5
              </option>
              <option
                value="ColorBrewer RdGy-5"
              >
                ColorBrewer RdGy-5
              </option>
              <option
                value="ColorBrewer RdYlBu-5"
              >
                ColorBrewer RdYlBu-5
              </option>
              <option
                value="ColorBrewer Spectral-5"
              >
                ColorBrewer Spectral-5
              </option>
              <option
                value="ColorBrewer RdYlGn-5"
              >
                ColorBrewer RdYlGn-5
              </option>
              <option
                value="ColorBrewer Accent-5"
              >
                ColorBrewer Accent-5
              </option>
              <option
                value="ColorBrewer Dark2-5"
              >
                ColorBrewer Dark2-5
              </option>
              <option
                value="ColorBrewer Paired-5"
              >
                ColorBrewer Paired-5
              </option>
              <option
                value="ColorBrewer Pastel1-5"
              >
                ColorBrewer Pastel1-5
              </option>
              <option
                value="ColorBrewer Pastel2-5"
              >
                ColorBrewer Pastel2-5
              </option>
              <option
                value="ColorBrewer Set1-5"
              >
                ColorBrewer Set1-5
              </option>
              <option
                value="ColorBrewer Set2-5"
              >
                ColorBrewer Set2-5
              </option>
              <option
                value="ColorBrewer Set3-5"
              >
                ColorBrewer Set3-5
              </option>
            </select>
          </label>
        </div>
        <div
          class="w-full flex flex-col"
          data-slot="mainWrapper"
        >
          <button
            aria-expanded="false"
            aria-haspopup="listbox"
            aria-label="Select color scheme"
            aria-labelledby="react-aria-:rf: react-aria-:ra:"
            class="relative px-3 gap-3 w-full inline-flex flex-row items-center shadow-sm tap-highlight-transparent group-data-[focus=true]:bg-default-100 h-10 min-h-10 rounded-medium bg-default-100 data-[hover=true]:bg-default-50 outline-none data-[focus-visible=true]:z-10 data-[focus-visible=true]:outline-2 data-[focus-visible=true]:outline-focus data-[focus-visible=true]:outline-offset-2"
            data-slot="trigger"
            id="react-aria-:ra:"
            type="button"
          >
            <div
              class="inline-flex h-full w-[calc(100%_-_theme(spacing.6))] min-h-4 items-center gap-1.5 box-border"
              data-slot="innerWrapper"
            >
              <span
                class="text-foreground-500 font-normal w-full text-left rtl:text-right text-small truncate group-data-[has-value=true]:text-default-foreground"
                data-slot="value"
                id="react-aria-:rf:"
              />
            </div>
            <svg
              aria-hidden="true"
              class="absolute end-3 w-4 h-4 transition-transform duration-150 ease motion-reduce:transition-none data-[open=true]:rotate-180"
              data-slot="selectorIcon"
              fill="none"
              focusable="false"
              height="1em"
              role="presentation"
              stroke="currentColor"
              stroke-linecap="round"
              stroke-linejoin="round"
              stroke-width="1.5"
              viewBox="0 0 24 24"
              width="1em"
            >
              <path
                d="m6 9 6 6 6-6"
              />
            </svg>
          </button>
        </div>
      </div>
    </div>
  </div>
</div>
`;
